#1 [internal] load local bake definitions
#1 reading from stdin 1.86kB done
#1 DONE 0.0s

#2 [scorer internal] load build definition from Dockerfile
#2 transferring dockerfile: 3.24kB 0.1s done
#2 transferring dockerfile: 3.24kB 0.1s done
#2 DONE 0.1s

#3 [storefront internal] load build definition from Dockerfile
#3 transferring dockerfile: 633B 0.1s done
#3 DONE 0.1s

#4 [dashboard internal] load build definition from Dockerfile
#4 transferring dockerfile: 1.13kB 0.1s done
#4 DONE 0.1s

#5 [storefront internal] load metadata for docker.io/library/node:22-bookworm-slim
#5 ...

#6 [scorer internal] load metadata for ghcr.io/astral-sh/uv:0.11.0
#6 DONE 1.6s

#5 [dashboard internal] load metadata for docker.io/library/node:22-bookworm-slim
#5 DONE 1.8s

#7 [bootstrap internal] load metadata for docker.io/library/python:3.13-slim-bookworm
#7 DONE 1.8s

#8 [storefront internal] load .dockerignore
#8 transferring context: 829B 0.0s done
#8 DONE 0.0s

#9 [dashboard internal] load build context
#9 DONE 0.0s

#10 [bootstrap internal] load build context
#10 DONE 0.0s

#11 [storefront internal] load build context
#11 DONE 0.0s

#12 [bootstrap] FROM ghcr.io/astral-sh/uv:0.11.0@sha256:e49fde5daf002023f0a2e2643861ce9ca8a8da5b73d0e6db83ef82ff99969baf
#12 resolve ghcr.io/astral-sh/uv:0.11.0@sha256:e49fde5daf002023f0a2e2643861ce9ca8a8da5b73d0e6db83ef82ff99969baf 0.1s done
#12 resolve ghcr.io/astral-sh/uv:0.11.0@sha256:e49fde5daf002023f0a2e2643861ce9ca8a8da5b73d0e6db83ef82ff99969baf 0.1s done
#12 DONE 0.1s

#13 [dashboard 1/4] FROM docker.io/library/node:22-bookworm-slim@sha256:83f487e0a63425e5b4d146fb5e5be574bcbe1b7b843d3ebafdd95eaf7767a7e5
#13 resolve docker.io/library/node:22-bookworm-slim@sha256:83f487e0a63425e5b4d146fb5e5be574bcbe1b7b843d3ebafdd95eaf7767a7e5 0.1s done
#13 DONE 0.1s

#9 [dashboard internal] load build context
#9 transferring context: 176B done
#9 DONE 0.0s

#14 [dashboard 2/4] WORKDIR /repo/services/dashboard
#14 CACHED

#15 [dashboard 3/4] COPY services/dashboard/package.json services/dashboard/package-lock.json ./
#15 CACHED

#16 [dashboard 4/4] RUN npm ci
#16 CACHED

#11 [storefront internal] load build context
#11 transferring context: 57.20kB 0.0s done
#11 DONE 0.1s

#17 [dashboard] exporting to image
#17 ...

#18 [scorer stage-0 1/6] FROM docker.io/library/python:3.13-slim-bookworm@sha256:ed86c82274b3c69b52fb5820f358f0bd7df0b603332063cb5c6e32bd220c3e6e
#18 resolve docker.io/library/python:3.13-slim-bookworm@sha256:ed86c82274b3c69b52fb5820f358f0bd7df0b603332063cb5c6e32bd220c3e6e 0.2s done
#18 DONE 0.2s

#19 [storefront 3/4] COPY services/storefront/package.json services/storefront/package-lock.json ./
#19 CACHED

#20 [storefront 2/4] WORKDIR /repo/services/storefront
#20 CACHED

#21 [storefront 4/4] RUN npm ci
#21 CACHED

#10 [scorer internal] load build context
#10 transferring context: 64B 0.0s done
#10 DONE 0.0s

#22 [scorer stage-0 2/6] RUN apt-get update     && apt-get install -y --no-install-recommends libgomp1 curl     && rm -rf /var/lib/apt/lists/*
#22 CACHED

#23 [scorer stage-0 4/6] COPY pyproject.toml uv.lock ./
#23 CACHED

#24 [scorer stage-0 5/6] RUN uv pip install --system --no-cache         "fastapi>=0.115" "uvicorn[standard]>=0.30" "pydantic>=2.7" "pyyaml>=6.0"         "httpx>=0.27" "python-dotenv>=1.0" "redis>=5.0" "lightgbm>=4.5" "numpy>=1.26"
#24 CACHED

#25 [scorer stage-0 3/6] COPY --from=ghcr.io/astral-sh/uv:0.11.0 /uv /bin/uv
#25 CACHED

#26 [scorer stage-0 6/6] WORKDIR /repo
#26 CACHED

#17 [dashboard] exporting to image
#17 exporting layers 0.0s done
#17 exporting manifest sha256:fbf57e3bc063e1cf03021f4e4137c042eed7cdb0ddf0f4292ceb460f5e62780e done
#17 exporting config sha256:f4a9cfc3b3afe563661dea78e6797bccf4cabeffc1813716d18b84f82c82125a done
#17 exporting attestation manifest sha256:a8d4b68923e7199688fd432b6d694cb48761bf542d7d05454f6a82f0780ecb08
#17 exporting attestation manifest sha256:a8d4b68923e7199688fd432b6d694cb48761bf542d7d05454f6a82f0780ecb08 0.2s done
#17 exporting manifest list sha256:4edc4b97b76cbf569f320274d7430cc5a22b07f62159effca246d049c8b40b3a
#17 exporting manifest list sha256:4edc4b97b76cbf569f320274d7430cc5a22b07f62159effca246d049c8b40b3a 0.1s done
#17 naming to docker.io/library/tollgate-dashboard:latest 0.0s done
#17 unpacking to docker.io/library/tollgate-dashboard:latest 0.0s done
#17 DONE 0.7s

#27 [storefront] exporting to image
#27 exporting layers done
#27 exporting manifest sha256:0f97fa9a97ae8de9e95ee1f15563425c18bb33b86a242a662f5bdeb9239a32ac done
#27 exporting config sha256:c9aa9dab69c4a65bb018392bfa123ae597f67aca0f867caa9918a2cf77afcd89 done
#27 exporting attestation manifest sha256:f0958e727b68b94669f756ce06270aad4286bda91c4445a0b1fa83cd456152f3 0.2s done
#27 exporting manifest list sha256:6843b1c1e81718ad6dde444c41d789cfab7afa18891176b41b8f374ba93b7afc 0.1s done
#27 naming to docker.io/library/tollgate-storefront:latest 0.0s done
#27 unpacking to docker.io/library/tollgate-storefront:latest 0.0s done
#27 DONE 0.6s

#28 [scorer] exporting to image
#28 exporting layers 0.0s done
#28 exporting manifest sha256:df5baf635efc1d0ae05d48ae66795b2f09319b6521b72880efe9842c223790e8 0.0s done
#28 exporting config sha256:6e90bcac71aacb5f403bf613e278d1bebcb280629f4495694df0229c356e0a1d 0.0s done
#28 exporting attestation manifest sha256:9731702e22c9413338fb3db57ac14dd1af7ce985da8ae04c79682feb1f87820a 0.2s done
#28 exporting manifest list sha256:c77c5796695e59c01ac7d21cebee10b1979ef2f5d4f337094db517a4a371c688 0.1s done
#28 naming to docker.io/library/tollgate-scorer:latest 0.0s done
#28 unpacking to docker.io/library/tollgate-scorer:latest 0.1s done
#28 ...

#29 [bootstrap] exporting to image
#29 exporting layers done
#29 exporting manifest sha256:40d0716706ca0a175746b6fe22e8efbaeada1321768fd7ab64a98bce3dd6b907 0.0s done
#29 exporting config sha256:3004c010d8a02d863bdc1b4e6e60515ceff3c765fc34db6456a056d89f20fd65 0.0s done
#29 exporting attestation manifest sha256:b2ccf90ed3355399cd4e3fe6f3cdee5cd6105845eb30d2c8d4e259efc4658905 0.2s done
#29 exporting manifest list sha256:56b17482e8075c959a3a0be59cd2ecbf80b27118c497132e5960d9c1e85c360e 0.1s done
#29 naming to docker.io/library/tollgate-bootstrap:latest 0.0s done
#29 unpacking to docker.io/library/tollgate-bootstrap:latest 0.1s done
#29 DONE 0.8s

#28 [scorer] exporting to image
#28 DONE 0.8s

#30 [storefront] resolving provenance for metadata file
#30 DONE 0.3s

#31 [bootstrap] resolving provenance for metadata file
#31 DONE 0.0s

#32 [dashboard] resolving provenance for metadata file
#32 DONE 0.3s

#33 [scorer] resolving provenance for metadata file
#33 DONE 0.2s
 tollgate-bootstrap  Built
 tollgate-scorer  Built
 tollgate-dashboard  Built
 tollgate-storefront  Built
 Network tollgate_tollgate  Creating
 Network tollgate_tollgate  Created
 Volume tollgate_dashboard_node_modules  Creating
 Volume tollgate_dashboard_node_modules  Created
 Volume tollgate_tollgate_data  Creating
 Volume tollgate_tollgate_data  Created
 Volume tollgate_storefront_node_modules  Creating
 Volume tollgate_storefront_node_modules  Created
 Container tollgate-bootstrap-1  Creating
 Container tollgate-redis-small-1  Creating
 Container tollgate-redis-1  Creating
 Container tollgate-bootstrap-1  Created
 Container tollgate-redis-small-1  Created
 Container tollgate-redis-1  Created
 Container tollgate-scorer-1  Creating
 Container tollgate-scorer-1  Created
 Container tollgate-dashboard-1  Creating
 Container tollgate-storefront-1  Creating
 Container tollgate-storefront-1  Created
 Container tollgate-dashboard-1  Created
 Container tollgate-redis-small-1  Starting
 Container tollgate-bootstrap-1  Starting
 Container tollgate-redis-1  Starting
 Container tollgate-bootstrap-1  Started
 Container tollgate-redis-small-1  Started
 Container tollgate-redis-1  Started
 Container tollgate-redis-1  Waiting
 Container tollgate-bootstrap-1  Waiting
 Container tollgate-redis-1  Healthy
 Container tollgate-bootstrap-1  Exited
 Container tollgate-scorer-1  Starting
 Container tollgate-scorer-1  Started
 Container tollgate-scorer-1  Waiting
 Container tollgate-scorer-1  Waiting
 Container tollgate-scorer-1  Healthy
 Container tollgate-dashboard-1  Starting
 Container tollgate-scorer-1  Healthy
 Container tollgate-storefront-1  Starting
 Container tollgate-storefront-1  Started
 Container tollgate-dashboard-1  Started
