 Network tollgate_tollgate  Creating
 Network tollgate_tollgate  Created
 Volume tollgate_dashboard_node_modules  Creating
 Volume tollgate_dashboard_node_modules  Created
 Volume tollgate_tollgate_data  Creating
 Volume tollgate_tollgate_data  Created
 Volume tollgate_storefront_node_modules  Creating
 Volume tollgate_storefront_node_modules  Created
 Container tollgate-redis-1  Creating
 Container tollgate-redis-small-1  Creating
 Container tollgate-bootstrap-1  Creating
 Container tollgate-bootstrap-1  Created
 Container tollgate-redis-small-1  Created
 Container tollgate-redis-1  Created
 Container tollgate-scorer-1  Creating
 Container tollgate-scorer-1  Created
 Container tollgate-dashboard-1  Creating
 Container tollgate-storefront-1  Creating
 Container tollgate-storefront-1  Created
 Container tollgate-dashboard-1  Created
 Container tollgate-redis-1  Starting
 Container tollgate-bootstrap-1  Starting
 Container tollgate-redis-small-1  Starting
 Container tollgate-redis-small-1  Started
 Container tollgate-bootstrap-1  Started
 Container tollgate-redis-1  Started
 Container tollgate-redis-1  Waiting
 Container tollgate-bootstrap-1  Waiting
 Container tollgate-redis-1  Healthy
 Container tollgate-bootstrap-1  Exited
 Container tollgate-scorer-1  Starting
 Container tollgate-scorer-1  Started
 Container tollgate-scorer-1  Waiting
 Container tollgate-scorer-1  Waiting
 Container tollgate-scorer-1  Healthy
 Container tollgate-scorer-1  Healthy
 Container tollgate-storefront-1  Starting
 Container tollgate-dashboard-1  Starting
 Container tollgate-storefront-1  Started
 Container tollgate-dashboard-1  Started
