
> tollgate-dashboard@0.1.0 test:e2e
> playwright test


Running 68 tests using 6 workers

  ✓   1 [desktop-1536] › e2e\metrics.spec.js:44:3 › D6 Metrics — §25 acceptance gate › loads directly at #/metrics on first paint (6.9s)
  ✓   4 [desktop-1536] › e2e\metrics.spec.js:68:3 › D6 Metrics — §25 acceptance gate › the full page scrolls and the last section is reachable (7.6s)
  ✓   3 [desktop-1536] › e2e\metrics.spec.js:57:3 › D6 Metrics — §25 acceptance gate › back / forward restores the route (7.6s)
  ✓   2 [desktop-1536] › e2e\metrics.spec.js:85:3 › D6 Metrics — §25 acceptance gate › no horizontal overflow (7.8s)
[WebServer] 11:42:01 am [vite] http proxy error: /v1/replay/status
[WebServer] AggregateError [ECONNREFUSED]: 
[WebServer]     at internalConnectMultiple (node:net:1139:18)
[WebServer]     at afterConnectMultiple (node:net:1712:7)
[WebServer] 11:42:01 am [vite] http proxy error: /v1/stream/recent
[WebServer] AggregateError [ECONNREFUSED]: 
[WebServer]     at internalConnectMultiple (node:net:1139:18)
[WebServer]     at afterConnectMultiple (node:net:1712:7)
[WebServer] 11:42:01 am [vite] http proxy error: /v1/incidents?state=live
[WebServer] AggregateError [ECONNREFUSED]: 
[WebServer]     at internalConnectMultiple (node:net:1139:18)
[WebServer]     at afterConnectMultiple (node:net:1712:7)
[WebServer] 11:42:01 am [vite] http proxy error: /v1/stream
[WebServer] AggregateError [ECONNREFUSED]: 
[WebServer]     at internalConnectMultiple (node:net:1139:18)
[WebServer]     at afterConnectMultiple (node:net:1712:7)
  ✓   5 [desktop-1536] › e2e\metrics.spec.js:50:3 › D6 Metrics — §25 acceptance gate › survives a reload (8.9s)
  ✓   6 [desktop-1536] › e2e\metrics.spec.js:75:3 › D6 Metrics — §25 acceptance gate › no console errors and no console warnings on the happy path (9.0s)
  ✓   8 [desktop-1536] › e2e\metrics.spec.js:100:3 › D6 Metrics — §25 acceptance gate › the headline metrics are visible after scrolling (5.3s)
  ✓   9 [desktop-1536] › e2e\metrics.spec.js:111:3 › D6 Metrics — §25 acceptance gate › every unresolvable row also shows an n_neg (5.2s)
  ✓  10 [desktop-1536] › e2e\metrics.spec.js:121:3 › D6 Metrics — §25 acceptance gate › every SVG <text> is >= 11px and inside its viewBox (5.0s)
  ✓   7 [desktop-1536] › e2e\metrics.spec.js:93:3 › D6 Metrics — §25 acceptance gate › all six block headings are present (6.1s)
  ✓  12 [desktop-1536] › e2e\metrics.spec.js:157:3 › D6 Metrics — §25 acceptance gate › no sticky element obscures the last content at max scroll (4.5s)
  ✓  11 [desktop-1536] › e2e\metrics.spec.js:145:3 › D6 Metrics — §25 acceptance gate › a scrollable table wrapper is keyboard-focusable (6.2s)
  ✓  14 [desktop-1536] › e2e\metrics.spec.js:201:3 › D6 Metrics — §25 acceptance gate › rows within a table body have equal height (4.2s)
  ✓  13 [desktop-1536] › e2e\metrics.spec.js:180:3 › D6 Metrics — §25 acceptance gate › no metric-row label overlaps its bar track (4.1s)
  ✓  16 [desktop-1536] › e2e\metrics.spec.js:235:3 › D6 Metrics — §25 acceptance gate › the corrected muted token is in force (4.7s)
  ✓  17 [desktop-1536] › e2e\metrics.spec.js:254:3 › D6 Metrics — §25 acceptance gate › Tab reaches every disclosure and the focus ring is visible (6.0s)
[WebServer] 11:42:18 am [vite] http proxy error: /v1/replay/status
[WebServer] AggregateError [ECONNREFUSED]: 
[WebServer]     at internalConnectMultiple (node:net:1139:18)
[WebServer]     at afterConnectMultiple (node:net:1712:7)
[WebServer] 11:42:18 am [vite] http proxy error: /v1/stream/recent
[WebServer] AggregateError [ECONNREFUSED]: 
[WebServer]     at internalConnectMultiple (node:net:1139:18)
[WebServer]     at afterConnectMultiple (node:net:1712:7)
[WebServer] 11:42:18 am [vite] http proxy error: /v1/incidents?state=live
[WebServer] AggregateError [ECONNREFUSED]: 
[WebServer]     at internalConnectMultiple (node:net:1139:18)
[WebServer]     at afterConnectMultiple (node:net:1712:7)
[WebServer] 11:42:18 am [vite] http proxy error: /v1/stream/recent
[WebServer] AggregateError [ECONNREFUSED]: 
[WebServer]     at internalConnectMultiple (node:net:1139:18)
[WebServer]     at afterConnectMultiple (node:net:1712:7)
[WebServer] 11:42:18 am [vite] http proxy error: /v1/incidents?state=live
[WebServer] AggregateError [ECONNREFUSED]: 
[WebServer]     at internalConnectMultiple (node:net:1139:18)
[WebServer]     at afterConnectMultiple (node:net:1712:7)
[WebServer] 11:42:18 am [vite] http proxy error: /v1/replay/status
[WebServer] AggregateError [ECONNREFUSED]: 
[WebServer]     at internalConnectMultiple (node:net:1139:18)
[WebServer]     at afterConnectMultiple (node:net:1712:7)
[WebServer] 11:42:18 am [vite] http proxy error: /v1/stream
[WebServer] AggregateError [ECONNREFUSED]: 
[WebServer]     at internalConnectMultiple (node:net:1139:18)
[WebServer]     at afterConnectMultiple (node:net:1712:7)
[WebServer] 11:42:18 am [vite] http proxy error: /v1/stream/recent
[WebServer] AggregateError [ECONNREFUSED]: 
[WebServer]     at internalConnectMultiple (node:net:1139:18)
[WebServer]     at afterConnectMultiple (node:net:1712:7)
[WebServer] 11:42:18 am [vite] http proxy error: /v1/stream
[WebServer] AggregateError [ECONNREFUSED]: 
[WebServer]     at internalConnectMultiple (node:net:1139:18)
[WebServer]     at afterConnectMultiple (node:net:1712:7)
[WebServer] 11:42:18 am [vite] http proxy error: /v1/replay/status
[WebServer] AggregateError [ECONNREFUSED]: 
[WebServer]     at internalConnectMultiple (node:net:1139:18)
[WebServer]     at afterConnectMultiple (node:net:1712:7)
[WebServer] 11:42:18 am [vite] http proxy error: /v1/stream/recent
[WebServer] AggregateError [ECONNREFUSED]: 
[WebServer]     at internalConnectMultiple (node:net:1139:18)
[WebServer]     at afterConnectMultiple (node:net:1712:7)
[WebServer] 11:42:18 am [vite] http proxy error: /v1/incidents?state=live
[WebServer] AggregateError [ECONNREFUSED]: 
[WebServer]     at internalConnectMultiple (node:net:1139:18)
[WebServer]     at afterConnectMultiple (node:net:1712:7)
[WebServer] 11:42:18 am [vite] http proxy error: /v1/replay/status
[WebServer] AggregateError [ECONNREFUSED]: 
[WebServer]     at internalConnectMultiple (node:net:1139:18)
[WebServer]     at afterConnectMultiple (node:net:1712:7)
[WebServer] 11:42:18 am [vite] http proxy error: /v1/stream/recent
[WebServer] AggregateError [ECONNREFUSED]: 
[WebServer]     at internalConnectMultiple (node:net:1139:18)
[WebServer]     at afterConnectMultiple (node:net:1712:7)
[WebServer] 11:42:18 am [vite] http proxy error: /v1/incidents?state=live
[WebServer] AggregateError [ECONNREFUSED]: 
[WebServer]     at internalConnectMultiple (node:net:1139:18)
[WebServer]     at afterConnectMultiple (node:net:1712:7)
[WebServer] 11:42:18 am [vite] http proxy error: /v1/stream
[WebServer] AggregateError [ECONNREFUSED]: 
[WebServer]     at internalConnectMultiple (node:net:1139:18)
[WebServer]     at afterConnectMultiple (node:net:1712:7)
[WebServer] 11:42:18 am [vite] http proxy error: /v1/stream/recent
[WebServer] AggregateError [ECONNREFUSED]: 
[WebServer]     at internalConnectMultiple (node:net:1139:18)
[WebServer]     at afterConnectMultiple (node:net:1712:7)
[WebServer] 11:42:18 am [vite] http proxy error: /v1/stream
[WebServer] AggregateError [ECONNREFUSED]: 
[WebServer]     at internalConnectMultiple (node:net:1139:18)
[WebServer]     at afterConnectMultiple (node:net:1712:7)
  ✓  18 [laptop-1280] › e2e\metrics.spec.js:44:3 › D6 Metrics — §25 acceptance gate › loads directly at #/metrics on first paint (3.5s)
  ✓  19 [laptop-1280] › e2e\metrics.spec.js:57:3 › D6 Metrics — §25 acceptance gate › back / forward restores the route (3.5s)
  ✓  15 [desktop-1536] › e2e\metrics.spec.js:221:3 › D6 Metrics — §25 acceptance gate › zero scorer/SSE network activity during a 10s dwell on Metrics (14.6s)
  ✓  20 [laptop-1280] › e2e\metrics.spec.js:68:3 › D6 Metrics — §25 acceptance gate › the full page scrolls and the last section is reachable (3.3s)
  ✓  24 [laptop-1280] › e2e\metrics.spec.js:93:3 › D6 Metrics — §25 acceptance gate › all six block headings are present (2.8s)
  ✓  23 [laptop-1280] › e2e\metrics.spec.js:85:3 › D6 Metrics — §25 acceptance gate › no horizontal overflow (3.1s)
  ✓  21 [laptop-1280] › e2e\metrics.spec.js:75:3 › D6 Metrics — §25 acceptance gate › no console errors and no console warnings on the happy path (5.7s)
  ✓  26 [laptop-1280] › e2e\metrics.spec.js:121:3 › D6 Metrics — §25 acceptance gate › every SVG <text> is >= 11px and inside its viewBox (4.8s)
  ✓  25 [laptop-1280] › e2e\metrics.spec.js:111:3 › D6 Metrics — §25 acceptance gate › every unresolvable row also shows an n_neg (6.5s)
  ✓  27 [laptop-1280] › e2e\metrics.spec.js:145:3 › D6 Metrics — §25 acceptance gate › a scrollable table wrapper is keyboard-focusable (5.7s)
  ✓  22 [laptop-1280] › e2e\metrics.spec.js:50:3 › D6 Metrics — §25 acceptance gate › survives a reload (7.1s)
  ✓  28 [laptop-1280] › e2e\metrics.spec.js:157:3 › D6 Metrics — §25 acceptance gate › no sticky element obscures the last content at max scroll (2.9s)
  ✓  29 [laptop-1280] › e2e\metrics.spec.js:180:3 › D6 Metrics — §25 acceptance gate › no metric-row label overlaps its bar track (2.6s)
  ✓  30 [laptop-1280] › e2e\metrics.spec.js:201:3 › D6 Metrics — §25 acceptance gate › rows within a table body have equal height (3.0s)
  ✓  32 [laptop-1280] › e2e\metrics.spec.js:235:3 › D6 Metrics — §25 acceptance gate › the corrected muted token is in force (2.9s)
  ✓  33 [laptop-1280] › e2e\metrics.spec.js:254:3 › D6 Metrics — §25 acceptance gate › Tab reaches every disclosure and the focus ring is visible (4.1s)
  ✓  34 [laptop-1280] › e2e\metrics.spec.js:100:3 › D6 Metrics — §25 acceptance gate › the headline metrics are visible after scrolling (2.9s)
  ✓  35 [tablet-768] › e2e\metrics.spec.js:44:3 › D6 Metrics — §25 acceptance gate › loads directly at #/metrics on first paint (2.4s)
  ✓  31 [laptop-1280] › e2e\metrics.spec.js:221:3 › D6 Metrics — §25 acceptance gate › zero scorer/SSE network activity during a 10s dwell on Metrics (12.9s)
  ✓  38 [tablet-768] › e2e\metrics.spec.js:85:3 › D6 Metrics — §25 acceptance gate › no horizontal overflow (2.7s)
  ✓  36 [tablet-768] › e2e\metrics.spec.js:50:3 › D6 Metrics — §25 acceptance gate › survives a reload (3.6s)
[WebServer] 11:42:43 am [vite] http proxy error: /v1/replay/status
[WebServer] AggregateError [ECONNREFUSED]: 
[WebServer]     at internalConnectMultiple (node:net:1139:18)
[WebServer]     at afterConnectMultiple (node:net:1712:7)
[WebServer] 11:42:43 am [vite] http proxy error: /v1/stream/recent
[WebServer] AggregateError [ECONNREFUSED]: 
[WebServer]     at internalConnectMultiple (node:net:1139:18)
[WebServer]     at afterConnectMultiple (node:net:1712:7)
[WebServer] 11:42:43 am [vite] http proxy error: /v1/incidents?state=live
[WebServer] AggregateError [ECONNREFUSED]: 
[WebServer]     at internalConnectMultiple (node:net:1139:18)
[WebServer]     at afterConnectMultiple (node:net:1712:7)
[WebServer] 11:42:43 am [vite] http proxy error: /v1/replay/status
[WebServer] AggregateError [ECONNREFUSED]: 
[WebServer]     at internalConnectMultiple (node:net:1139:18)
[WebServer]     at afterConnectMultiple (node:net:1712:7)
[WebServer] 11:42:43 am [vite] http proxy error: /v1/incidents?state=live
[WebServer] AggregateError [ECONNREFUSED]: 
[WebServer]     at internalConnectMultiple (node:net:1139:18)
[WebServer]     at afterConnectMultiple (node:net:1712:7)
[WebServer] 11:42:43 am [vite] http proxy error: /v1/stream/recent
[WebServer] AggregateError [ECONNREFUSED]: 
[WebServer]     at internalConnectMultiple (node:net:1139:18)
[WebServer]     at afterConnectMultiple (node:net:1712:7)
[WebServer] 11:42:43 am [vite] http proxy error: /v1/stream
[WebServer] AggregateError [ECONNREFUSED]: 
[WebServer]     at internalConnectMultiple (node:net:1139:18)
[WebServer]     at afterConnectMultiple (node:net:1712:7)
[WebServer] 11:42:43 am [vite] http proxy error: /v1/stream/recent
[WebServer] AggregateError [ECONNREFUSED]: 
[WebServer]     at internalConnectMultiple (node:net:1139:18)
[WebServer]     at afterConnectMultiple (node:net:1712:7)
[WebServer] 11:42:43 am [vite] http proxy error: /v1/stream
[WebServer] AggregateError [ECONNREFUSED]: 
[WebServer]     at internalConnectMultiple (node:net:1139:18)
[WebServer]     at afterConnectMultiple (node:net:1712:7)
  ✓  39 [tablet-768] › e2e\metrics.spec.js:100:3 › D6 Metrics — §25 acceptance gate › the headline metrics are visible after scrolling (2.8s)
[WebServer] 11:42:45 am [vite] http proxy error: /v1/replay/status
[WebServer] AggregateError [ECONNREFUSED]: 
[WebServer]     at internalConnectMultiple (node:net:1139:18)
[WebServer]     at afterConnectMultiple (node:net:1712:7)
[WebServer] 11:42:45 am [vite] http proxy error: /v1/stream/recent
[WebServer] AggregateError [ECONNREFUSED]: 
[WebServer]     at internalConnectMultiple (node:net:1139:18)
[WebServer]     at afterConnectMultiple (node:net:1712:7)
[WebServer] 11:42:45 am [vite] http proxy error: /v1/incidents?state=live
[WebServer] AggregateError [ECONNREFUSED]: 
[WebServer]     at internalConnectMultiple (node:net:1139:18)
[WebServer]     at afterConnectMultiple (node:net:1712:7)
[WebServer] 11:42:45 am [vite] http proxy error: /v1/replay/status
[WebServer] AggregateError [ECONNREFUSED]: 
[WebServer]     at internalConnectMultiple (node:net:1139:18)
[WebServer]     at afterConnectMultiple (node:net:1712:7)
[WebServer] 11:42:45 am [vite] http proxy error: /v1/stream
[WebServer] AggregateError [ECONNREFUSED]: 
[WebServer]     at internalConnectMultiple (node:net:1139:18)
[WebServer]     at afterConnectMultiple (node:net:1712:7)
[WebServer] 11:42:45 am [vite] http proxy error: /v1/stream/recent
[WebServer] AggregateError [ECONNREFUSED]: 
[WebServer]     at internalConnectMultiple (node:net:1139:18)
[WebServer]     at afterConnectMultiple (node:net:1712:7)
[WebServer] 11:42:45 am [vite] http proxy error: /v1/incidents?state=live
[WebServer] AggregateError [ECONNREFUSED]: 
[WebServer]     at internalConnectMultiple (node:net:1139:18)
[WebServer]     at afterConnectMultiple (node:net:1712:7)
[WebServer] 11:42:45 am [vite] http proxy error: /v1/stream/recent
[WebServer] AggregateError [ECONNREFUSED]: 
[WebServer]     at internalConnectMultiple (node:net:1139:18)
[WebServer]     at afterConnectMultiple (node:net:1712:7)
[WebServer] 11:42:45 am [vite] http proxy error: /v1/stream
[WebServer] AggregateError [ECONNREFUSED]: 
[WebServer]     at internalConnectMultiple (node:net:1139:18)
[WebServer]     at afterConnectMultiple (node:net:1712:7)
  ✓  41 [tablet-768] › e2e\metrics.spec.js:111:3 › D6 Metrics — §25 acceptance gate › every unresolvable row also shows an n_neg (3.1s)
  ✓  43 [tablet-768] › e2e\metrics.spec.js:121:3 › D6 Metrics — §25 acceptance gate › every SVG <text> is >= 11px and inside its viewBox (3.1s)
  ✓  40 [tablet-768] › e2e\metrics.spec.js:75:3 › D6 Metrics — §25 acceptance gate › no console errors and no console warnings on the happy path (5.4s)
[WebServer] 11:42:50 am [vite] http proxy error: /v1/stream/recent
[WebServer] AggregateError [ECONNREFUSED]: 
[WebServer]     at internalConnectMultiple (node:net:1139:18)
[WebServer]     at afterConnectMultiple (node:net:1712:7)
[WebServer] 11:42:50 am [vite] http proxy error: /v1/stream
[WebServer] AggregateError [ECONNREFUSED]: 
[WebServer]     at internalConnectMultiple (node:net:1139:18)
[WebServer]     at afterConnectMultiple (node:net:1712:7)
  ✓  44 [tablet-768] › e2e\metrics.spec.js:145:3 › D6 Metrics — §25 acceptance gate › a scrollable table wrapper is keyboard-focusable (3.8s)
  ✓  37 [tablet-768] › e2e\metrics.spec.js:57:3 › D6 Metrics — §25 acceptance gate › back / forward restores the route (10.5s)
  ✓  45 [tablet-768] › e2e\metrics.spec.js:157:3 › D6 Metrics — §25 acceptance gate › no sticky element obscures the last content at max scroll (2.6s)
  ✓  46 [tablet-768] › e2e\metrics.spec.js:180:3 › D6 Metrics — §25 acceptance gate › no metric-row label overlaps its bar track (2.4s)
  ✓  47 [tablet-768] › e2e\metrics.spec.js:201:3 › D6 Metrics — §25 acceptance gate › rows within a table body have equal height (2.4s)
  ✓  50 [tablet-768] › e2e\metrics.spec.js:235:3 › D6 Metrics — §25 acceptance gate › the corrected muted token is in force (2.7s)
  ✓  42 [tablet-768] › e2e\metrics.spec.js:68:3 › D6 Metrics — §25 acceptance gate › the full page scrolls and the last section is reachable (8.6s)
  ✓  51 [tablet-768] › e2e\metrics.spec.js:254:3 › D6 Metrics — §25 acceptance gate › Tab reaches every disclosure and the focus ring is visible (3.9s)
  ✓  48 [tablet-768] › e2e\metrics.spec.js:93:3 › D6 Metrics — §25 acceptance gate › all six block headings are present (4.9s)
  ✓  52 [mobile-390] › e2e\metrics.spec.js:44:3 › D6 Metrics — §25 acceptance gate › loads directly at #/metrics on first paint (2.7s)
  ✓  49 [tablet-768] › e2e\metrics.spec.js:221:3 › D6 Metrics — §25 acceptance gate › zero scorer/SSE network activity during a 10s dwell on Metrics (12.9s)
  ✓  57 [mobile-390] › e2e\metrics.spec.js:85:3 › D6 Metrics — §25 acceptance gate › no horizontal overflow (3.3s)
[WebServer] 11:43:05 am [vite] http proxy error: /v1/replay/status
[WebServer] AggregateError [ECONNREFUSED]: 
[WebServer]     at internalConnectMultiple (node:net:1139:18)
[WebServer]     at afterConnectMultiple (node:net:1712:7)
[WebServer] 11:43:05 am [vite] http proxy error: /v1/stream/recent
[WebServer] AggregateError [ECONNREFUSED]: 
[WebServer]     at internalConnectMultiple (node:net:1139:18)
[WebServer]     at afterConnectMultiple (node:net:1712:7)
[WebServer] 11:43:05 am [vite] http proxy error: /v1/incidents?state=live
[WebServer] AggregateError [ECONNREFUSED]: 
[WebServer]     at internalConnectMultiple (node:net:1139:18)
[WebServer]     at afterConnectMultiple (node:net:1712:7)
[WebServer] 11:43:05 am [vite] http proxy error: /v1/stream
[WebServer] AggregateError [ECONNREFUSED]: 
[WebServer]     at internalConnectMultiple (node:net:1139:18)
[WebServer]     at afterConnectMultiple (node:net:1712:7)
[WebServer] 11:43:06 am [vite] http proxy error: /v1/incidents?state=live
[WebServer] AggregateError [ECONNREFUSED]: 
[WebServer]     at internalConnectMultiple (node:net:1139:18)
[WebServer]     at afterConnectMultiple (node:net:1712:7)
[WebServer] 11:43:06 am [vite] http proxy error: /v1/stream/recent
[WebServer] AggregateError [ECONNREFUSED]: 
[WebServer]     at internalConnectMultiple (node:net:1139:18)
[WebServer]     at afterConnectMultiple (node:net:1712:7)
[WebServer] 11:43:06 am [vite] http proxy error: /v1/replay/status
[WebServer] AggregateError [ECONNREFUSED]: 
[WebServer]     at internalConnectMultiple (node:net:1139:18)
[WebServer]     at afterConnectMultiple (node:net:1712:7)
[WebServer] 11:43:06 am [vite] http proxy error: /v1/stream/recent
[WebServer] AggregateError [ECONNREFUSED]: 
[WebServer]     at internalConnectMultiple (node:net:1139:18)
[WebServer]     at afterConnectMultiple (node:net:1712:7)
[WebServer] 11:43:06 am [vite] http proxy error: /v1/stream
[WebServer] AggregateError [ECONNREFUSED]: 
[WebServer]     at internalConnectMultiple (node:net:1139:18)
[WebServer]     at afterConnectMultiple (node:net:1712:7)
  ✓  53 [mobile-390] › e2e\metrics.spec.js:50:3 › D6 Metrics — §25 acceptance gate › survives a reload (6.7s)
[WebServer] 11:43:06 am [vite] http proxy error: /v1/replay/status
[WebServer] AggregateError [ECONNREFUSED]: 
[WebServer]     at internalConnectMultiple (node:net:1139:18)
[WebServer]     at afterConnectMultiple (node:net:1712:7)
[WebServer] 11:43:06 am [vite] http proxy error: /v1/incidents?state=live
[WebServer] AggregateError [ECONNREFUSED]: 
[WebServer]     at internalConnectMultiple (node:net:1139:18)
[WebServer]     at afterConnectMultiple (node:net:1712:7)
[WebServer] 11:43:06 am [vite] http proxy error: /v1/stream/recent
[WebServer] AggregateError [ECONNREFUSED]: 
[WebServer]     at internalConnectMultiple (node:net:1139:18)
[WebServer]     at afterConnectMultiple (node:net:1712:7)
[WebServer] 11:43:06 am [vite] http proxy error: /v1/replay/status
[WebServer] AggregateError [ECONNREFUSED]: 
[WebServer]     at internalConnectMultiple (node:net:1139:18)
[WebServer]     at afterConnectMultiple (node:net:1712:7)
[WebServer] 11:43:06 am [vite] http proxy error: /v1/incidents?state=live
[WebServer] AggregateError [ECONNREFUSED]: 
[WebServer]     at internalConnectMultiple (node:net:1139:18)
[WebServer]     at afterConnectMultiple (node:net:1712:7)
[WebServer] 11:43:06 am [vite] http proxy error: /v1/stream/recent
[WebServer] AggregateError [ECONNREFUSED]: 
[WebServer]     at internalConnectMultiple (node:net:1139:18)
[WebServer]     at afterConnectMultiple (node:net:1712:7)
[WebServer] 11:43:06 am [vite] http proxy error: /v1/stream
[WebServer] AggregateError [ECONNREFUSED]: 
[WebServer]     at internalConnectMultiple (node:net:1139:18)
[WebServer]     at afterConnectMultiple (node:net:1712:7)
[WebServer] 11:43:06 am [vite] http proxy error: /v1/stream/recent
[WebServer] AggregateError [ECONNREFUSED]: 
[WebServer]     at internalConnectMultiple (node:net:1139:18)
[WebServer]     at afterConnectMultiple (node:net:1712:7)
[WebServer] 11:43:06 am [vite] http proxy error: /v1/stream
[WebServer] AggregateError [ECONNREFUSED]: 
[WebServer]     at internalConnectMultiple (node:net:1139:18)
[WebServer]     at afterConnectMultiple (node:net:1712:7)
  ✓  56 [mobile-390] › e2e\metrics.spec.js:75:3 › D6 Metrics — §25 acceptance gate › no console errors and no console warnings on the happy path (3.8s)
  ✓  54 [mobile-390] › e2e\metrics.spec.js:68:3 › D6 Metrics — §25 acceptance gate › the full page scrolls and the last section is reachable (6.3s)
  ✓  58 [mobile-390] › e2e\metrics.spec.js:100:3 › D6 Metrics — §25 acceptance gate › the headline metrics are visible after scrolling (3.2s)
  ✓  55 [mobile-390] › e2e\metrics.spec.js:57:3 › D6 Metrics — §25 acceptance gate › back / forward restores the route (6.4s)
  ✓  60 [mobile-390] › e2e\metrics.spec.js:121:3 › D6 Metrics — §25 acceptance gate › every SVG <text> is >= 11px and inside its viewBox (2.3s)
  ✓  62 [mobile-390] › e2e\metrics.spec.js:157:3 › D6 Metrics — §25 acceptance gate › no sticky element obscures the last content at max scroll (2.7s)
  ✓  64 [mobile-390] › e2e\metrics.spec.js:201:3 › D6 Metrics — §25 acceptance gate › rows within a table body have equal height (2.5s)
  ✓  63 [mobile-390] › e2e\metrics.spec.js:180:3 › D6 Metrics — §25 acceptance gate › no metric-row label overlaps its bar track (2.7s)
  ✓  61 [mobile-390] › e2e\metrics.spec.js:145:3 › D6 Metrics — §25 acceptance gate › a scrollable table wrapper is keyboard-focusable (3.8s)
  ✓  59 [mobile-390] › e2e\metrics.spec.js:111:3 › D6 Metrics — §25 acceptance gate › every unresolvable row also shows an n_neg (6.2s)
  ✓  66 [mobile-390] › e2e\metrics.spec.js:235:3 › D6 Metrics — §25 acceptance gate › the corrected muted token is in force (2.4s)
  ✓  67 [mobile-390] › e2e\metrics.spec.js:254:3 › D6 Metrics — §25 acceptance gate › Tab reaches every disclosure and the focus ring is visible (3.2s)
  ✓  68 [mobile-390] › e2e\metrics.spec.js:93:3 › D6 Metrics — §25 acceptance gate › all six block headings are present (2.8s)
  ✓  65 [mobile-390] › e2e\metrics.spec.js:221:3 › D6 Metrics — §25 acceptance gate › zero scorer/SSE network activity during a 10s dwell on Metrics (12.2s)

  68 passed (1.7m)
